Initializing Database...

=== Request 1 ===
Context: office manager organizing ceremony
Request Date: 2025-04-01
Cash Balance: $45059.70
Inventory Value: $4940.30
--- Orchestration Agent classified request as: ORDER
FUNC (get_stock_level): stock level details. Name: None, current_stock: 0
FUNC (get_stock_level): stock level details. Name: Colored paper, current_stock: 788.0
FUNC (get_stock_level): stock level details. Name: Cardstock, current_stock: 595.0
FUNC (get_supplier_delivery_date): Calculating for qty 200 from date string '2025-04-01'
FUNC (create_transaction):item_name: A4 glossy paper, transaction_type: stock_orders,units: 200,price: 0.0, transaction_date:'2025-04-01'
Order cannot be processed: We can ship Cardstock and Colored paper; A4 glossy paper is on backorder until April 5, 2025.
Response: We can ship Cardstock and Colored paper; A4 glossy paper is on backorder until April 5, 2025.
Updated Cash: $45059.70
Updated Inventory: $4940.30

=== Request 2 ===
Context: hotel manager organizing parade
Request Date: 2025-04-03
Cash Balance: $45059.70
Inventory Value: $4940.30
--- Orchestration Agent classified request as: ORDER
FUNC (get_stock_level): stock level details. Name: Colored paper, current_stock: 788.0
FUNC (get_stock_level): stock level details. Name: Crepe paper, current_stock: 234.0
FUNC (get_stock_level): stock level details. Name: None, current_stock: 0
FUNC (create_transaction):item_name: Balloons, transaction_type: stock_orders,units: 200,price: 0.0, transaction_date:'2025-04-03'
FUNC (get_supplier_delivery_date): Calculating for qty 200 from date string '2025-04-03'
Order cannot be processed: We can ship colorful poster paper and streamers; balloons are on backorder until April 7, 2025.
Response: We can ship colorful poster paper and streamers; balloons are on backorder until April 7, 2025.
Updated Cash: $45059.70
Updated Inventory: $4940.30

=== Request 3 ===
Context: school board resouorce manager organizing conference
Request Date: 2025-04-04
Cash Balance: $45059.70
Inventory Value: $4940.30
--- Orchestration Agent classified request as: ORDER
FUNC (get_stock_level): stock level details. Name: A4 paper, current_stock: 272.0
FUNC (get_stock_level): stock level details. Name: None, current_stock: 0
FUNC (get_stock_level): stock level details. Name: None, current_stock: 0
Order cannot be processed: We can ship A4 paper; A3 paper and Printer paper are on backorder.
Response: We can ship A4 paper; A3 paper and Printer paper are on backorder.
Updated Cash: $45059.70
Updated Inventory: $4940.30

=== Request 4 ===
Context: non-profit director organizing reception
Request Date: 2025-04-05
Cash Balance: $45059.70
Inventory Value: $4940.30
--- Orchestration Agent classified request as: ORDER
FUNC (get_stock_level): stock level details. Name: Cardstock, current_stock: 595.0
FUNC (get_stock_level): stock level details. Name: A4 paper, current_stock: 272.0
FUNC (get_supplier_delivery_date): Calculating for qty 500 from date string '2025-04-05'
FUNC (get_supplier_delivery_date): Calculating for qty 250 from date string '2025-04-05'
--- Inventory Agent ORDER Answer: We can ship Cardstock and A4 paper; the remaining quantity is on backorder until April 9, 2025.
FUNC (create_transaction):item_name: Cardstock, transaction_type: sales,units: 500,price: 67.5, transaction_date:'2025-04-05'
FUNC (create_transaction):item_name: A4 paper, transaction_type: sales,units: 250,price: 12.5, transaction_date:'2025-04-05'
FUNC (get_supplier_delivery_date): Calculating for qty 500 from date string '2025-04-05'
Response: Thank you for your order! We are pleased to confirm your purchase of 500 sheets of high-quality, recycled cardstock in various colors and 250 sheets of A4 size printer paper. Your order is expected to be delivered by April 9, 2025. Please find your detailed invoice below.
Invoice:
Invoice No: INV-2026-001
Date: 2025-04-05

Bill To:
Name: <placeholder>
Address: <placeholder>
Email: <placeholder>

----------------------------------------------------------------

Qty   Description                Unit Price      Line Total

500   Cardstock                  $0.15           $75.00
250   A4 paper                   $0.05           $12.50

----------------------------------------------------------------

Subtotal:                                        $87.50
Discount (Bulk purchase discount):               -$7.50
Grand Total:                                     $80.00

Expected Delivery Date: 2025-04-09

Thank you for your business!

Updated Cash: $45139.70
Updated Inventory: $4852.80

=== Request 5 ===
Context: school teacher organizing party
Request Date: 2025-04-05
Cash Balance: $45139.70
Inventory Value: $4852.80
--- Orchestration Agent classified request as: ORDER
FUNC (get_stock_level): stock level details. Name: Colored paper, current_stock: 788.0
FUNC (get_stock_level): stock level details. Name: Cardstock, current_stock: 95.0
FUNC (get_stock_level): stock level details. Name: None, current_stock: 0
FUNC (create_transaction):item_name: Decorative washi tape, transaction_type: stock_orders,units: 200,price: 0.0, transaction_date:'2025-04-05'
FUNC (get_supplier_delivery_date): Calculating for qty 200 from date string '2025-04-05'
--- Inventory Agent ORDER Answer: We can ship colored paper and cardstock; decorative washi tape is on backorder until April 9, 2025.
FUNC (create_transaction):item_name: Colored paper, transaction_type: sales,units: 500,price: 50.0, transaction_date:'2025-04-05'
FUNC (create_transaction):item_name: Cardstock, transaction_type: sales,units: 95,price: 14.25, transaction_date:'2025-04-05'
FUNC (get_supplier_delivery_date): Calculating for qty 200 from date string '2025-04-05'
Response: Thank you for your order! We have confirmed your purchase of 500 sheets of colored paper and 95 sheets of cardstock. Please note that the decorative washi tape is on backorder and will be shipped after April 9, 2025. Your expected delivery date for the available items is April 9, 2025. The detailed invoice is included below.
Invoice:
Invoice No: INV-2026-001
Date: 2025-04-05

Bill To:
Name: <placeholder>
Address: <placeholder>
Email: <placeholder>

----------------------------------------------------------------

Qty   Description                Unit Price      Line Total

500   Colored paper              $0.10           $50.00
 95   Cardstock                  $0.15           $14.25

----------------------------------------------------------------

Subtotal:                                        $104.25
Discount (Bulk purchase discount):               -$5.00
Grand Total:                                     $99.25

Expected Delivery Date: 2025-04-09

Thank you for your business!

Updated Cash: $45203.95
Updated Inventory: $4788.55

=== Request 6 ===
Context: school teacher organizing assembly
Request Date: 2025-04-06
Cash Balance: $45203.95
Inventory Value: $4788.55
--- Orchestration Agent classified request as: ORDER
FUNC (get_stock_level): stock level details. Name: Colored paper, current_stock: 288.0
FUNC (get_stock_level): stock level details. Name: None, current_stock: 0
FUNC (get_stock_level): stock level details. Name: Cardstock, current_stock: 0.0
FUNC (create_transaction):item_name: White printer paper, transaction_type: stock_orders,units: 300,price: 0.0, transaction_date:'2025-04-06'
FUNC (get_supplier_delivery_date): Calculating for qty 300 from date string '2025-04-06'
Order cannot be processed: We can ship colorful construction paper; white printer paper is on backorder until April 10, 2025; cardstock is not available.
Response: We can ship colorful construction paper; white printer paper is on backorder until April 10, 2025; cardstock is not available.
Updated Cash: $45203.95
Updated Inventory: $4788.55

=== Request 7 ===
Context: business owner organizing exhibition
Request Date: 2025-04-07
Cash Balance: $45203.95
Inventory Value: $4788.55
--- Orchestration Agent classified request as: ORDER
FUNC (get_stock_level): stock level details. Name: None, current_stock: 0
FUNC (get_stock_level): stock level details. Name: A4 glossy paper, current_stock: 200.0
FUNC (get_stock_level): stock level details. Name: Large poster paper (24x36 inches), current_stock: 699.0
FUNC (get_stock_level): stock level details. Name: 100 lb cover stock, current_stock: 636.0
FUNC (get_supplier_delivery_date): Calculating for qty 500 from date string '2025-04-07'
FUNC (get_supplier_delivery_date): Calculating for qty 1000 from date string '2025-04-07'
FUNC (get_supplier_delivery_date): Calculating for qty 300 from date string '2025-04-07'
FUNC (get_supplier_delivery_date): Calculating for qty 200 from date string '2025-04-07'
FUNC (create_transaction):item_name: A3 paper, transaction_type: stock_orders,units: 1000,price: 0.0, transaction_date:'2025-04-07'
FUNC (create_transaction):item_name: A4 glossy paper, transaction_type: stock_orders,units: 500,price: 0.0, transaction_date:'2025-04-07'
Order cannot be processed: We can ship 100 lb cover stock, Large poster paper (24x36 inches); A4 glossy paper is on backorder until April 11, 2025. A3 paper is on backorder until April 11, 2025.
Response: We can ship 100 lb cover stock, Large poster paper (24x36 inches); A4 glossy paper is on backorder until April 11, 2025. A3 paper is on backorder until April 11, 2025.
Updated Cash: $45203.95
Updated Inventory: $4788.55

=== Request 8 ===
Context: school board resouorce manager organizing ceremony
Request Date: 2025-04-07
Cash Balance: $45203.95
Inventory Value: $4788.55
--- Orchestration Agent classified request as: ORDER
FUNC (get_stock_level): stock level details. Name: A4 paper, current_stock: 22.0
FUNC (get_stock_level): stock level details. Name: A4 glossy paper, current_stock: 700.0
FUNC (get_stock_level): stock level details. Name: Colored paper, current_stock: 288.0
FUNC (get_stock_level): stock level details. Name: None, current_stock: 0
FUNC (create_transaction):item_name: A4 recycled paper, transaction_type: stock_orders,units: 3000,price: 0.0, transaction_date:'2025-04-07'
FUNC (get_supplier_delivery_date): Calculating for qty 3000 from date string '2025-04-07'
--- Inventory Agent ORDER Answer: We can ship A4 glossy paper, A4 paper, and colored paper; A4 recycled paper is on backorder until April 14, 2025.
FUNC (create_transaction):item_name: A4 glossy paper, transaction_type: sales,units: 500,price: 90.0, transaction_date:'2025-04-07'
FUNC (create_transaction):item_name: A4 matte paper, transaction_type: sales,units: 1000,price: 50.0, transaction_date:'2025-04-07'
FUNC (create_transaction):item_name: A5 colored paper, transaction_type: sales,units: 2000,price: 200.0, transaction_date:'2025-04-07'
FUNC (create_transaction):item_name: A4 recycled paper, transaction_type: sales,units: 3000,price: 120.0, transaction_date:'2025-04-07'
FUNC (get_supplier_delivery_date): Calculating for qty 3000 from date string '2025-04-07'
Response: Thank you for your order! We are pleased to confirm your purchase of A4 glossy paper, A4 matte paper, A5 colored paper, and A4 recycled paper. Your order is expected to be delivered by April 14, 2025. Please find your detailed invoice below.
Invoice:
Invoice No: INV-2026-001
Date: 2025-04-07

Bill To:
Name: <placeholder>
Address: <placeholder>
Email: <placeholder>

----------------------------------------------------------------

Qty   Description                Unit Price      Line Total

500   A4 glossy paper            $0.20           $100.00
1000  A4 matte paper             $0.05           $50.00
2000  A5 colored paper           $0.10           $200.00
3000  A4 recycled paper          $0.05           $150.00

----------------------------------------------------------------

Subtotal:                                        $500.00
Discount:                                        -$40.00
Grand Total:                                     $460.00

Expected Delivery Date: 2025-04-14

Thank you for your business!

Updated Cash: $45663.95
Updated Inventory: $4788.55

=== Request 9 ===
Context: city hall clerk organizing reception
Request Date: 2025-04-07
Cash Balance: $45663.95
Inventory Value: $4788.55
--- Orchestration Agent classified request as: ORDER
FUNC (get_stock_level): stock level details. Name: White printer paper, current_stock: 300.0
FUNC (get_stock_level): stock level details. Name: None, current_stock: 0
FUNC (get_stock_level): stock level details. Name: None, current_stock: 0
FUNC (get_supplier_delivery_date): Calculating for qty 200 from date string '2025-04-07'
Order cannot be processed: We can ship white printer paper; A3 glossy paper and 100% recycled kraft paper envelopes are on backorder until April 11, 2025.
Response: We can ship white printer paper; A3 glossy paper and 100% recycled kraft paper envelopes are on backorder until April 11, 2025.
Updated Cash: $45663.95
Updated Inventory: $4788.55

=== Request 13 ===
Context: school principal organizing gathering
Request Date: 2025-04-08
Cash Balance: $45663.95
Inventory Value: $4788.55
--- Orchestration Agent classified request as: ORDER
FUNC (get_stock_level): stock level details. Name: A4 paper, current_stock: 22.0
FUNC (get_stock_level): stock level details. Name: Cardstock, current_stock: 0.0
FUNC (create_transaction):item_name: Cardstock, transaction_type: stock_orders,units: 200,price: 30.0, transaction_date:'2025-04-08'
FUNC (get_supplier_delivery_date): Calculating for qty 200 from date string '2025-04-08'
Order cannot be processed: We can ship A4 paper; Cardstock is on backorder until April 12, 2025.
Response: We can ship A4 paper; Cardstock is on backorder until April 12, 2025.
Updated Cash: $45633.95
Updated Inventory: $4818.55

=== Request 12 ===
Context: city hall clerk organizing party
Request Date: 2025-04-08
Cash Balance: $45633.95
Inventory Value: $4818.55
--- Orchestration Agent classified request as: ORDER
FUNC (get_stock_level): stock level details. Name: Cardstock, current_stock: 200.0
FUNC (get_stock_level): stock level details. Name: White printer paper, current_stock: 300.0
FUNC (get_stock_level): stock level details. Name: None, current_stock: 0
FUNC (create_transaction):item_name: Paper napkins, transaction_type: stock_orders,units: 100,price: 2.0, transaction_date:'2025-04-08'
FUNC (get_supplier_delivery_date): Calculating for qty 100 from date string '2025-04-08'
--- Inventory Agent ORDER Answer: We can ship Cardstock and White printer paper; Paper napkins are on backorder until April 9, 2025.
FUNC (create_transaction):item_name: Cardstock, transaction_type: sales,units: 200,price: 26.0, transaction_date:'2025-04-08'
FUNC (create_transaction):item_name: White printer paper, transaction_type: sales,units: 300,price: 15.0, transaction_date:'2025-04-08'
FUNC (create_transaction):item_name: Paper napkins, transaction_type: sales,units: 100,price: 2.0, transaction_date:'2025-04-08'
FUNC (get_supplier_delivery_date): Calculating for qty 100 from date string '2025-04-08'
Response: Thank you for your order! We are pleased to confirm the purchase of 200 sheets of colorful cardstock, 300 sheets of standard printer paper, and 100 paper napkins. Your supplies will be delivered by April 9, 2025. Please note that the paper napkins will be shipped separately after April 9, 2025. The detailed invoice is included below.
Invoice:
Invoice No: INV-2026-001
Date: 2025-04-08

Bill To:
Name: <placeholder>
Address: <placeholder>
Email: <placeholder>

----------------------------------------------------------------

Qty   Description                Unit Price      Line Total

200   Cardstock                  $0.15           $30.00
300   White printer paper        $0.05           $15.00
100   Paper napkins              $0.02           $2.00

----------------------------------------------------------------

Subtotal:                                        $47.00
Discount (Bulk purchase discount):               -$4.00
Grand Total:                                     $43.00

Expected Delivery Date: 2025-04-09

Thank you for your business!

Updated Cash: $45674.95
Updated Inventory: $4788.55

=== Request 10 ===
Context: business owner organizing show
Request Date: 2025-04-08
Cash Balance: $45674.95
Inventory Value: $4788.55
--- Orchestration Agent classified request as: ORDER
FUNC (get_stock_level): stock level details. Name: Glossy paper, current_stock: 587.0
FUNC (get_stock_level): stock level details. Name: Cardstock, current_stock: 0.0
FUNC (get_supplier_delivery_date): Calculating for qty 300 from date string '2025-04-08'
FUNC (create_transaction):item_name: Cardstock, transaction_type: stock_orders,units: 300,price: 45.0, transaction_date:'2025-04-08'
Order cannot be processed: We can ship glossy paper; cardstock is on backorder until April 12, 2025.
Response: We can ship glossy paper; cardstock is on backorder until April 12, 2025.
Updated Cash: $45629.95
Updated Inventory: $4833.55

=== Request 11 ===
Context: event manager organizing exhibition
Request Date: 2025-04-08
Cash Balance: $45629.95
Inventory Value: $4833.55
--- Orchestration Agent classified request as: ORDER
FUNC (get_stock_level): stock level details. Name: None, current_stock: 0
FUNC (get_stock_level): stock level details. Name: A4 matte paper, current_stock: -1000.0
Order cannot be processed: We can ship A4 matte paper; A3 glossy paper is on backorder until April 15, 2025.
Response: We can ship A4 matte paper; A3 glossy paper is on backorder until April 15, 2025.
Updated Cash: $45629.95
Updated Inventory: $4833.55

=== Request 14 ===
Context: city hall clerk organizing performance
Request Date: 2025-04-09
Cash Balance: $45629.95
Inventory Value: $4833.55
--- Orchestration Agent classified request as: ORDER
FUNC (get_stock_level): stock level details. Name: Colored paper, current_stock: 288.0
FUNC (get_stock_level): stock level details. Name: A4 paper, current_stock: 22.0
FUNC (get_stock_level): stock level details. Name: Cardstock, current_stock: 300.0
FUNC (get_supplier_delivery_date): Calculating for qty 500 from date string '2025-04-09'
FUNC (create_transaction):item_name: A4 paper, transaction_type: stock_orders,units: 4978,price: 248.9, transaction_date:'2025-04-09'
FUNC (create_transaction):item_name: Colored paper, transaction_type: stock_orders,units: 1712,price: 171.20000000000002, transaction_date:'2025-04-09'
FUNC (create_transaction):item_name: Cardstock, transaction_type: stock_orders,units: 200,price: 30.0, transaction_date:'2025-04-09'
--- Inventory Agent ORDER Answer: We can ship A4 paper, colored paper, and cardstock; the remaining quantities are on backorder until April 13, 2025.
FUNC (create_transaction):item_name: A4 paper, transaction_type: sales,units: 5000,price: 200.0, transaction_date:'2025-04-09'
FUNC (create_transaction):item_name: Colored paper, transaction_type: sales,units: 2000,price: 160.0, transaction_date:'2025-04-09'
FUNC (create_transaction):item_name: Cardstock, transaction_type: sales,units: 500,price: 60.0, transaction_date:'2025-04-09'
FUNC (get_supplier_delivery_date): Calculating for qty 5000 from date string '2025-04-09'
Response: Thank you for your order! We are pleased to confirm your purchase of 5,000 sheets of A4 paper, 2,000 sheets of colored paper, and 500 sheets of cardstock. Your supplies are expected to be delivered by April 16, 2025. Please find your detailed invoice below.
Invoice:
Invoice No: INV-2026-001
Date: 2025-04-09

Bill To:
Name: <placeholder>
Address: <placeholder>
Email: <placeholder>

----------------------------------------------------------------

Qty   Description                Unit Price      Line Total

5000  A4 paper                   $0.05           $200.00
2000  Colored paper              $0.10           $160.00
500   Cardstock                  $0.15           $60.00

----------------------------------------------------------------

Subtotal:                                        $525.00
Discount (Bulk order discount):                  -$105.00
Grand Total:                                     $420.00

Expected Delivery Date: 2025-04-16

Thank you for your business!

Updated Cash: $45599.85
Updated Inventory: $4758.65

=== Request 15 ===
Context: event manager organizing demonstration
Request Date: 2025-04-12
Cash Balance: $45599.85
Inventory Value: $4758.65
--- Orchestration Agent classified request as: ORDER
FUNC (get_stock_level): stock level details. Name: None, current_stock: 0
FUNC (get_stock_level): stock level details. Name: None, current_stock: 0
FUNC (get_stock_level): stock level details. Name: None, current_stock: 0
Order cannot be processed: We cannot fulfill the order for A4 white paper, A3 colored paper, and cardboard at this time.
Response: We cannot fulfill the order for A4 white paper, A3 colored paper, and cardboard at this time.
Updated Cash: $45599.85
Updated Inventory: $4758.65

=== Request 16 ===
Context: school teacher organizing assembly
Request Date: 2025-04-13
Cash Balance: $45599.85
Inventory Value: $4758.65
--- Orchestration Agent classified request as: ORDER
FUNC (get_stock_level): stock level details. Name: None, current_stock: 0
FUNC (get_stock_level): stock level details. Name: None, current_stock: 0
FUNC (get_stock_level): stock level details. Name: None, current_stock: 0
Order cannot be processed: We can't fulfill the order for A4 printer paper, colorful construction paper, and poster board.
Response: We can't fulfill the order for A4 printer paper, colorful construction paper, and poster board.
Updated Cash: $45599.85
Updated Inventory: $4758.65

=== Request 17 ===
Context: restaurant manager organizing reception
Request Date: 2025-04-14
Cash Balance: $45599.85
Inventory Value: $4758.65
--- Orchestration Agent classified request as: ORDER
FUNC (get_stock_level): stock level details. Name: None, current_stock: 0
FUNC (get_stock_level): stock level details. Name: None, current_stock: 0
FUNC (get_stock_level): stock level details. Name: None, current_stock: 0
FUNC (get_stock_level): stock level details. Name: None, current_stock: 0
FUNC (get_stock_level): stock level details. Name: None, current_stock: 0
Order cannot be processed: We can ship nothing; all items are out of stock.
Response: We can ship nothing; all items are out of stock.
Updated Cash: $45599.85
Updated Inventory: $4758.65

=== Request 18 ===
Context: office manager organizing ceremony
Request Date: 2025-04-14
Cash Balance: $45599.85
Inventory Value: $4758.65
--- Orchestration Agent classified request as: ORDER
FUNC (get_stock_level): stock level details. Name: None, current_stock: 0
FUNC (get_stock_level): stock level details. Name: None, current_stock: 0
FUNC (get_stock_level): stock level details. Name: None, current_stock: 0
Order cannot be processed: We cannot fulfill the order for high-quality white cardstock, standard printing paper, and colored paper as they are not available in the inventory.
Response: We cannot fulfill the order for high-quality white cardstock, standard printing paper, and colored paper as they are not available in the inventory.
Updated Cash: $45599.85
Updated Inventory: $4758.65

=== Request 19 ===
Context: city hall clerk organizing exhibition
Request Date: 2025-04-15
Cash Balance: $45599.85
Inventory Value: $4758.65
--- Orchestration Agent classified request as: ORDER
FUNC (get_stock_level): stock level details. Name: A4 glossy paper, current_stock: 200.0
FUNC (get_stock_level): stock level details. Name: A3 paper, current_stock: 1000.0
FUNC (get_stock_level): stock level details. Name: Cardstock, current_stock: 0.0
FUNC (create_transaction):item_name: Cardstock, transaction_type: stock_orders,units: 1000,price: 150.0, transaction_date:'2025-04-15'
FUNC (get_supplier_delivery_date): Calculating for qty 1000 from date string '2025-04-15'
Order cannot be processed: We can ship A4 glossy paper and A3 paper; Cardstock is on backorder until April 19, 2025.
Response: We can ship A4 glossy paper and A3 paper; Cardstock is on backorder until April 19, 2025.
Updated Cash: $45449.85
Updated Inventory: $4908.65

=== Request 20 ===
Context: restaurant manager organizing concert
Request Date: 2025-04-17
Cash Balance: $45449.85
Inventory Value: $4908.65
--- Orchestration Agent classified request as: ORDER
FUNC (get_stock_level): stock level details. Name: None, current_stock: 0
FUNC (get_stock_level): stock level details. Name: None, current_stock: 0
FUNC (get_stock_level): stock level details. Name: None, current_stock: 0
Order cannot be processed: We cannot fulfill the order for 5,000 flyers, 2,000 posters, and 10,000 tickets as they are currently out of stock.
Response: We cannot fulfill the order for 5,000 flyers, 2,000 posters, and 10,000 tickets as they are currently out of stock.
Updated Cash: $45449.85
Updated Inventory: $4908.65

===== FINAL FINANCIAL REPORT =====
Final Cash: $45449.85
Final Inventory: $4908.65
